

















"\nWarning: Yar_Server::handle(): headers already has been sent in \/Projects\/LRT\/base-procedure-call\/bin\/bpc-server.php on line 21\n"


"\nWarning: Yar_Server::handle(): headers already has been sent in \/Projects\/LRT\/base-procedure-call\/bin\/bpc-server.php on line 21\n"





"\nWarning: Yar_Server::handle(): headers already has been sent in \/Projects\/LRT\/base-procedure-call\/bin\/bpc-server.php on line 21\n"





""


""


